// Jest Snapshot v1, https://goo.gl/fbAQLP

exports[`Page Sample page 1`] = `
"<article>
  <h1 class=\\"title\\">Sample&nbsp;Page</h1>
  <section>
    <p><strong>Blank</strong></p>
    <p>&nbsp;&nbsp;&nbsp;メロスは激怒した。</p>
  </section>
  <section>
    <p><strong>Code</strong></p>
    <p><pre>code</pre>
    </p>
  </section>
  <section>
    <p><strong>Code&nbsp;Block</strong></p>
  </section>
  <section><pre><code><span class=\\"hljs-function\\"><span class=\\"hljs-keyword\\">function</span> (<span class=\\"hljs-params\\"></span>) </span>{
  alert(<span class=\\"hljs-built_in\\">document</span>.location.href)
  <span class=\\"hljs-built_in\\">console</span>.log(<span class=\\"hljs-string\\">\\"hello\\"</span>)
  <span class=\\"hljs-comment\\">// You can also write comments!</span>
}</code></pre>
  </section>
  <section>
    <p><strong>Decoration</strong></p>
    <p><i class=\\"big\\">deco-*-3</i></p>
  </section>
  <section>
    <p><strong>Formula</strong></p>
    <p>
      <amp-mathml layout=\\"container\\" data-formula=\\"\\\\[\\\\sum_{k=0}^N k^2 = \\\\frac{1}{2}N(N + 1)\\\\]\\"></amp-mathml>
    </p>
  </section>
  <section>
    <p><strong>Google&nbsp;Map</strong></p>
    <p>
      <amp-iframe class=\\"googlemap\\" width=\\"620\\" height=\\"450\\" sandbox=\\"allow-scripts allow-same-origin\\" layout=\\"intrinsic\\" frameborder=\\"0\\" src=\\"https://www.google.com/maps/embed/v1/place?key=AIzaSyC2sPsKnxrPTmqLbqEK2SVOiVzSCyaDmGg&amp;center=35.6972422,139.7593459&amp;zoom=17&amp;q=%E6%98%8E%E6%B2%BB%E5%A4%A7%E5%AD%A6\\">
        <amp-img src=\\"https://maps.googleapis.com/maps/api/staticmap?key=AIzaSyC2sPsKnxrPTmqLbqEK2SVOiVzSCyaDmGg&amp;center=35.6972422,139.7593459&amp;zoom=17&amp;size=620x450\\" placeholder layout=\\"intrinsic\\" width=\\"620\\" height=\\"450\\" alt=\\"image\\"></amp-img>
      </amp-iframe>
    </p>
  </section>
  <section>
    <p><strong>Hash&nbsp;Tag</strong></p>
    <p><a href=\\"hashTag\\">#hashTag</a></p>
  </section>
  <section>
    <p><strong>Helpfeel</strong></p>
    <p><pre class=\\"helpfeel\\">Helpfeel&nbsp;notation</pre>
    </p>
  </section>
  <section>
    <p><strong>Indent</strong></p>
    <ul>
      <li>level1</li>
      <ul>
        <li>level2</li>
        <ul>
          <li>level3</li>
        </ul>
      </ul>
      <li>level1</li>
      <ul>
        <ul>
          <li>level3</li>
        </ul>
        <li>level2</li>
      </ul>
    </ul>
  </section>
  <section>
    <p><strong>Icon</strong></p>
    <p>
      <amp-img src=\\"https://scrapbox.io/api/pages/projectName/progfay/icon\\" layout=\\"fill\\" alt=\\"icon\\" class=\\"normal-icon\\"></amp-img>
    </p>
  </section>
  <section>
    <p><strong>Image</strong></p>
    <p>
      <amp-img src=\\"https://i.gyazo.com/da78df293f9e83a74b5402411e2f2e01.png\\" layout=\\"intrinsic\\" height=\\"360\\" width=\\"640\\" alt=\\"image\\" class=\\"normal-image\\"></amp-img>
    </p>
  </section>
  <section>
    <p><strong>Link</strong></p>
    <p><a href=\\"https://example.com\\">example</a></p>
  </section>
  <section>
    <p><strong>Plain</strong></p>
    <p>This&nbsp;is&nbsp;plain&nbsp;text.</p>
  </section>
  <section>
    <p><strong>Quote</strong></p>
    <p>
      <blockquote>&nbsp;Quote&nbsp;sentence</blockquote>
    </p>
  </section>
  <section>
    <p><strong>Strong</strong></p>
    <p><strong>This&nbsp;is&nbsp;Strong&nbsp;text.</strong></p>
  </section>
  <section>
    <p><strong>Strong&nbsp;Icon</strong></p>
    <p>
      <amp-img src=\\"https://scrapbox.io/api/pages/projectName/progfay/icon\\" layout=\\"fill\\" alt=\\"icon\\" class=\\"strong-icon\\"></amp-img>
    </p>
  </section>
  <section>
    <p><strong>Strong&nbsp;Image</strong></p>
    <p>
      <amp-img src=\\"https://gyazo.com/5593f3bbe109c38ebf07c16dd25dc4c4/thumb/1000\\" layout=\\"intrinsic\\" height=\\"720\\" width=\\"1280\\" alt=\\"image\\" class=\\"strong-image\\"></amp-img>
    </p>
  </section>
  <section>
    <p><strong>Table</strong></p>
  </section>
  <section>
    <table>
      <tr>
        <th>1</th>
        <th>2</th>
        <th>3</th>
      </tr>
      <tr>
        <td>1&nbsp;</td>
        <td>2&nbsp;</td>
        <td>3</td>
      </tr>
      <tr>
        <td>------</td>
        <td>------</td>
        <td>------</td>
      </tr>
      <tr>
        <td>a</td>
        <td>b</td>
        <td>c</td>
      </tr>
    </table>
  </section>
  <section>
    <p><strong>Twitter</strong></p>
    <p>
      <amp-twitter width=\\"375\\" height=\\"472\\" layout=\\"responsive\\" data-tweetid=\\"1190909733885972481\\"></amp-twitter>
    </p>
  </section>
  <section>
    <p><strong>Youtube</strong></p>
    <p>
      <amp-youtube data-videoid=\\"YJ5q8Wrkbdw\\" layout=\\"fixed\\" width=\\"480\\" height=\\"270\\" data-param-start=\\"0\\"></amp-youtube>
    </p>
  </section>
</article>"
`;
