// Jest Snapshot v1, https://goo.gl/fbAQLP

exports[`strongImage Simple strongImage 1`] = `
"<article>
  <h1 class=\\"title\\">Strong&nbsp;Image</h1>
  <section>
    <p>
      <amp-img src=\\"https://gyazo.com/5593f3bbe109c38ebf07c16dd25dc4c4/thumb/1000\\" layout=\\"intrinsic\\" height=\\"720\\" width=\\"1280\\" alt=\\"image\\" class=\\"strong-image\\"></amp-img>
    </p>
  </section>
</article>"
`;
